// Jest Snapshot v1, https://goo.gl/fbAQLP

exports[`PageNavBar default renders correctly 1`] = `
<DocumentFragment>
  .c2 {
  box-sizing: border-box;
  margin: 0;
  min-width: 0;
  color: #132c2d;
  font-size: 1em;
  padding-top: 1em;
  padding-bottom: 1em;
}

.c0 {
  box-sizing: border-box;
  margin: 0;
  min-width: 0;
  background-color: #d2eced;
  padding-left: 4rem;
  padding-right: 4rem;
  position: -webkit-sticky;
  position: sticky;
  z-index: 11;
  top: 0;
  bottom: 0;
  display: none;
}

.c1 {
  box-sizing: border-box;
  margin: 0;
  min-width: 0;
  padding: 0;
  margin: 0;
  display: -webkit-box;
  display: -webkit-flex;
  display: -ms-flexbox;
  display: flex;
  list-style: none;
  -webkit-box-pack: justify;
  -webkit-justify-content: space-between;
  -ms-flex-pack: justify;
  justify-content: space-between;
}

.c3 {
  -webkit-text-decoration: none;
  text-decoration: none;
  text-transform: uppercase;
  display: inline-block;
}

.c3:hover {
  color: #4bb2b6;
}

@media (min-width:46em) {
  .c0 {
    display: block;
  }
}

<nav
    class="c0"
  >
    <ul
      class="c1"
    >
      <li>
        <a
          class="c2 c3"
          color="greens.1"
          font-size="1em"
          href="#test"
        >
          Test
        </a>
      </li>
      <li>
        <a
          class="c2 c3"
          color="greens.1"
          font-size="1em"
          href="#test2"
        >
          Test 2
        </a>
      </li>
    </ul>
  </nav>
</DocumentFragment>
`;
