// Jest Snapshot v1, https://goo.gl/fbAQLP

exports[`CircleImageBanner renders correctly 1`] = `
<DocumentFragment>
  .c4 {
  box-sizing: border-box;
  margin: 0;
  min-width: 0;
  font-size: 20px;
  font-family: heading;
  font-weight: heading;
  line-height: heading;
  font-weight: 300;
  font-size: 5rem;
  line-height: 1;
  margin-bottom: 2rem;
}

.c3 {
  box-sizing: border-box;
  margin: 0;
  min-width: 0;
  z-index: 1;
}

.c6 {
  box-sizing: border-box;
  margin: 0;
  min-width: 0;
  height: 15.75rem;
  margin-bottom: 2rem;
  margin-left: 3rem;
  margin-right: 3rem;
  width: 15.75rem;
  -webkit-box-flex: 0;
  -webkit-flex-grow: 0;
  -ms-flex-positive: 0;
  flex-grow: 0;
  -webkit-flex-shrink: 0;
  -ms-flex-negative: 0;
  flex-shrink: 0;
}

.c6 .gatsby-image-wrapper {
  height: 100%;
}

.c0 {
  box-sizing: border-box;
  margin: 0;
  min-width: 0;
  padding: 2rem;
  position: relative;
  display: -webkit-box;
  display: -webkit-flex;
  display: -ms-flexbox;
  display: flex;
  overflow-x: hidden;
  text-align: left;
}

.c0 .c5 img {
  object-position: right !important;
}

.c1 {
  -webkit-flex-direction: row-reverse;
  -ms-flex-direction: row-reverse;
  flex-direction: row-reverse;
  -webkit-align-items: center;
  -webkit-box-align: center;
  -ms-flex-align: center;
  align-items: center;
  -webkit-box-pack: center;
  -webkit-justify-content: center;
  -ms-flex-pack: center;
  justify-content: center;
}

.c1 .c2 {
  max-width: 31.5rem;
}

.c1 .c5 {
  border-radius: 100%;
}

.c1 .c5 img {
  border-radius: 100%;
}

.c1 .c5 {
  margin-left: 0;
}

@media screen and (min-width:46em) {
  .c6 {
    width: 18.375rem;
    height: 18.375rem;
  }
}

@media screen and (min-width:61.25em) {
  .c6 {
    width: 21rem;
    height: 21rem;
  }
}

@media screen and (min-width:46em) {
  .c0 {
    padding: 4rem;
  }
}

@media screen and (orientation:portrait) {
  .c1 {
    -webkit-flex-direction: column-reverse;
    -ms-flex-direction: column-reverse;
    flex-direction: column-reverse;
    text-align: center;
  }

  .c1 .c5 {
    margin-right: 0;
    margin-left: 0;
  }
}

<section
    class="c0 c1"
    orient="right"
  >
    <div
      class="c2 c3"
    >
      <h2
        class="c4"
        font-size="5rem"
        font-weight="300"
      >
        Ernie Bello
      </h2>
    </div>
    <div
      class="c5 c6"
      height="[object Object]"
      width="[object Object]"
    >
      <div
        class=" gatsby-image-wrapper"
        style="position: relative; overflow: hidden;"
      >
        <div
          style="width: 100%; padding-bottom: 66.66666666666667%;"
        />
        <picture>
          <source
            sizes="(max-width: 600px) 100vw, 600px"
            srcset="some srcSet"
          />
          <img
            alt="banner"
            loading="lazy"
            sizes="(max-width: 600px) 100vw, 600px"
            src="test-file-stub"
            srcset="some srcSet"
            style="position: absolute; top: 0px; left: 0px; width: 100%; height: 100%; object-fit: cover; object-position: center; opacity: 0; transition: opacity 500ms;"
          />
        </picture>
        <noscript>
          &lt;picture&gt;&lt;source srcset="some srcSet" sizes="(max-width: 600px) 100vw, 600px" /&gt;&lt;img loading="lazy" sizes="(max-width: 600px) 100vw, 600px" srcset="some srcSet" src="test-file-stub" alt="banner" style="position:absolute;top:0;left:0;opacity:1;width:100%;height:100%;object-fit:cover;object-position:center"/&gt;&lt;/picture&gt;
        </noscript>
      </div>
    </div>
  </section>
</DocumentFragment>
`;
