// Jest Snapshot v1, https://goo.gl/fbAQLP

exports[`ContentOverlayBanner renders correctly 1`] = `
<DocumentFragment>
  .c4 {
  box-sizing: border-box;
  margin: 0;
  min-width: 0;
  font-size: 20px;
  font-family: heading;
  font-weight: heading;
  line-height: heading;
  font-weight: 300;
  font-size: 5rem;
  line-height: 1;
  margin-bottom: 2rem;
}

.c3 {
  box-sizing: border-box;
  margin: 0;
  min-width: 0;
  margin-bottom: 2rem;
  z-index: 1;
}

.c6 {
  box-sizing: border-box;
  margin: 0;
  min-width: 0;
  -webkit-box-flex: 0;
  -webkit-flex-grow: 0;
  -ms-flex-positive: 0;
  flex-grow: 0;
  -webkit-flex-shrink: 0;
  -ms-flex-negative: 0;
  flex-shrink: 0;
  position: absolute;
  top: 0;
  left: 0;
  width: 100%;
  height: 100%;
}

.c6 .gatsby-image-wrapper {
  height: 100%;
}

.c1 {
  box-sizing: border-box;
  margin: 0;
  min-width: 0;
  padding: 2rem;
  background-color: blue;
  position: relative;
  display: -webkit-box;
  display: -webkit-flex;
  display: -ms-flexbox;
  display: flex;
  overflow-x: hidden;
  text-align: center;
  min-height: 100vh;
}

.c1 .c5 img {
  object-position: center !important;
}

.c0 {
  -webkit-align-items: center;
  -webkit-box-align: center;
  -ms-flex-align: center;
  align-items: center;
  -webkit-box-pack: center;
  -webkit-justify-content: center;
  -ms-flex-pack: center;
  justify-content: center;
}

.c0 .c2 {
  width: 40rem;
}

.c0 .c5 {
  opacity: 0.5;
}

@media screen and (min-width:30em) {
  .c1 {
    padding: 2rem;
  }
}

@media screen and (min-width:46em) {
  .c1 {
    padding: 3rem;
  }
}

@media screen and (min-width:61.25em) {
  .c1 {
    padding: 4rem;
  }
}

@media screen and (min-width:80em) {
  .c1 {
    padding: 5rem;
  }
}

@media screen and (min-width:105em) {
  .c1 {
    padding: 7rem;
  }
}

<section
    class="c0 c1"
    orient="left"
  >
    <div
      class="c2 c3"
    >
      <h2
        class="c4"
        font-size="5rem"
        font-weight="300"
      >
        Ernie Bello
      </h2>
    </div>
    <div
      class="c5 c6"
    >
      <div
        class=" gatsby-image-wrapper"
        style="position: relative; overflow: hidden;"
      >
        <div
          style="width: 100%; padding-bottom: 66.66666666666667%;"
        />
        <picture>
          <source
            sizes="(max-width: 600px) 100vw, 600px"
            srcset="some srcSet"
          />
          <img
            alt="banner"
            loading="lazy"
            sizes="(max-width: 600px) 100vw, 600px"
            src="test-file-stub"
            srcset="some srcSet"
            style="position: absolute; top: 0px; left: 0px; width: 100%; height: 100%; object-fit: cover; object-position: center; opacity: 0; transition: opacity 500ms;"
          />
        </picture>
        <noscript>
          &lt;picture&gt;&lt;source srcset="some srcSet" sizes="(max-width: 600px) 100vw, 600px" /&gt;&lt;img loading="lazy" sizes="(max-width: 600px) 100vw, 600px" srcset="some srcSet" src="test-file-stub" alt="banner" style="position:absolute;top:0;left:0;opacity:1;width:100%;height:100%;object-fit:cover;object-position:center"/&gt;&lt;/picture&gt;
        </noscript>
      </div>
    </div>
  </section>
</DocumentFragment>
`;
